
> eid-order-tracker@0.1.0 build
> next build

   ▲ Next.js 15.5.12
   - Environments: .env.local

   Creating an optimized production build ...
 ✓ Compiled successfully in 24.0s
   Linting and checking validity of types ...
Failed to compile.

./components/orders/order-table.tsx:134:80
Type error: Type '{ className: string; title: string; }' is not assignable to type 'IntrinsicAttributes & Omit<LucideProps, "ref"> & RefAttributes<SVGSVGElement>'.
  Property 'title' does not exist on type 'IntrinsicAttributes & Omit<LucideProps, "ref"> & RefAttributes<SVGSVGElement>'.

[0m [90m 132 |[39m                   [33m<[39m[33mdiv[39m className[33m=[39m[32m"flex items-center gap-2"[39m[33m>[39m
 [90m 133 |[39m                     {order[33m.[39mis_delivery [33m&&[39m (
[31m[1m>[22m[39m[90m 134 |[39m                       [33m<[39m[33mTruck[39m className[33m=[39m[32m"h-4 w-4 text-primary/60 flex-shrink-0"[39m title[33m=[39m[32m"Delivery Order"[39m [33m/[39m[33m>[39m
 [90m     |[39m                                                                                [31m[1m^[22m[39m
 [90m 135 |[39m                     )}
 [90m 136 |[39m                     [33m<[39m[33mspan[39m[33m>[39m{order[33m.[39mcustomer_name}[33m<[39m[33m/[39m[33mspan[39m[33m>[39m
 [90m 137 |[39m                   [33m<[39m[33m/[39m[33mdiv[39m[33m>[39m[0m
Next.js build worker exited with code: 1 and signal: null
